Renesas Optimizing Linker (W3.05.00 )             22-Aug-2026 15:42:45

*** Options ***

-subcommand=DefaultBuild\RX621_MCR_Camera.clnk
-library=DefaultBuild\RX621_MCR_Camera.lib
-input=DefaultBuild\dbsct.obj
-input=DefaultBuild\intprg.obj
-input=DefaultBuild\resetprg.obj
-input=DefaultBuild\sbrk.obj
-input=DefaultBuild\vecttbl.obj
-input=DefaultBuild\RX621_MCR_Camera.obj
-input=DefaultBuild\wait.obj
-input=DefaultBuild\printf_lib.obj
-noprelink
-output=DefaultBuild\RX621_MCR_Camera.abs
-list=DefaultBuild\RX621_MCR_Camera.map
-nooptimize
-start=B_1,R_1,B_2,R_2,B,R,SU,SI/04,PResetPRG/0FFF80000,C_1,C_2,C,C$DSEC,C$BSEC,C$INIT,C$VTBL,C$VECT,D_1,D_2,D,P,PIntPRG,W_1,W_2,W,L/0FFF80100,FIXEDVECT/0FFFFFFD0
-rom=D=R,D_1=R_1,D_2=R_2
-nologo
-end

*** Error information ***

*** Mapping List ***

SECTION                            START      END         SIZE   ALIGN
B_1
                                  00000004  00000004         0   1
R_1
                                  00000004  00000004         0   1
B_2
                                  00000004  00000004         0   1
R_2
                                  00000004  00000004         0   1
B
                                  00000004  00000843       840   4
R
                                  00000844  0000087b        38   4
SU
                                  0000087c  0000097b       100   4
SI
                                  0000097c  00000c7b       300   4
PResetPRG
                                  fff80000  fff80030        31   1
C_1
                                  fff80100  fff80100         0   1
C_2
                                  fff80100  fff80100         0   1
C
                                  fff80100  fff80133        34   4
C$DSEC
                                  fff80134  fff80157        24   4
C$BSEC
                                  fff80158  fff8016f        18   4
C$INIT
                                  fff80170  fff80170         0   1
C$VTBL
                                  fff80170  fff80170         0   1
C$VECT
                                  fff80170  fff8056f       400   4
D_1
                                  fff80570  fff80570         0   1
D_2
                                  fff80570  fff80570         0   1
D
                                  fff80570  fff805a7        38   4
P
                                  fff805a8  fff81376       dcf   1
PIntPRG
                                  fff81377  fff814be       148   1
W_1
                                  fff814bf  fff814bf         0   1
W_2
                                  fff814bf  fff814bf         0   1
W
                                  fff814bf  fff814bf         0   1
L
                                  fff814bf  fff814bf         0   1
$ADDR_C_FFFFFFA0
                                  ffffffa0  ffffffaf        10   1
FIXEDVECT
                                  ffffffd0  ffffffff        30   4
