Renesas Optimizing Linker (W3.05.00 )             05-Nov-2023 11:30:52

*** Options ***

-subcommand=DefaultBuild\RX621_MCR_Camera.clnk
-library=DefaultBuild\RX621_MCR_Camera.lib
-input=DefaultBuild\dbsct.obj
-input=DefaultBuild\intprg.obj
-input=DefaultBuild\resetprg.obj
-input=DefaultBuild\sbrk.obj
-input=DefaultBuild\vecttbl.obj
-input=DefaultBuild\usb_core.obj
-input=DefaultBuild\usb_hal.obj
-input=DefaultBuild\lowsrc.obj
-input=DefaultBuild\usbdescriptors.obj
-input=DefaultBuild\usb_cdc.obj
-input=DefaultBuild\usb.obj
-input=DefaultBuild\RX621_MCR_Camera.obj
-input=DefaultBuild\wait.obj
-input=DefaultBuild\rspi.obj
-input=DefaultBuild\Gyro.obj
-input=DefaultBuild\MPU9250.obj
-noprelink
-output=DefaultBuild\RX621_MCR_Camera.abs
-list=DefaultBuild\RX621_MCR_Camera.map
-nooptimize
-start=B_1,R_1,B_2,R_2,B,R,SU,SI/04,PResetPRG/0FFF80000,C_1,C_2,C,C$DSEC,C$BSEC,C$INIT,C$VTBL,C$VECT,D_1,D_2,D,P,PIntPRG,W_1,W_2,W,L/0FFF80100,FIXEDVECT/0FFFFFFD0
-rom=D=R,D_1=R_1,D_2=R_2
-nologo
-end

*** Error information ***

*** Mapping List ***

SECTION                            START      END         SIZE   ALIGN
B_1
                                  00000004  00000015        12   1
R_1
                                  00000016  00000068        53   1
B_2
                                  0000006a  00000077         e   2
R_2
                                  00000078  00000078         0   1
B
                                  00000078  00000927       8b0   4
R
                                  00000928  00000c8b       364   4
SU
                                  00000c8c  00000d8b       100   4
SI
                                  00000d8c  0000108b       300   4
PResetPRG
                                  fff80000  fff80030        31   1
C_1
                                  fff80100  fff80275       176   1
C_2
                                  fff80276  fff80477       202   2
C
                                  fff80478  fff80563        ec   4
C$DSEC
                                  fff80564  fff80587        24   4
C$BSEC
                                  fff80588  fff8059f        18   4
C$INIT
                                  fff805a0  fff805a0         0   1
C$VTBL
                                  fff805a0  fff805a0         0   1
C$VECT
                                  fff805a0  fff8099f       400   4
D_1
                                  fff809a0  fff809f2        53   1
D_2
                                  fff809f3  fff809f3         0   1
D
                                  fff809f4  fff80d57       364   4
P
                                  fff80d58  fff865aa      5853   1
PIntPRG
                                  fff865ab  fff866fa       150   1
W_1
                                  fff866fb  fff86704         a   1
W_2
                                  fff86706  fff86706         0   2
W
                                  fff86708  fff86708         0   4
L
                                  fff86708  fff868f4       1ed   4
$ADDR_C_FFFFFFA0
                                  ffffffa0  ffffffaf        10   1
FIXEDVECT
                                  ffffffd0  ffffffff        30   4
