Renesas Optimizing Linker (W3.05.00 )             11-Aug-2026 19:54:38

*** Options ***

-subcommand=DefaultBuild\RX621_MCR_Camera.clnk
-library=DefaultBuild\RX621_MCR_Camera.lib
-input=DefaultBuild\dbsct.obj
-input=DefaultBuild\intprg.obj
-input=DefaultBuild\resetprg.obj
-input=DefaultBuild\sbrk.obj
-input=DefaultBuild\vecttbl.obj
-input=DefaultBuild\RX621_MCR_Camera.obj
-input=DefaultBuild\wait.obj
-input=DefaultBuild\printf_lib.obj
-noprelink
-output=DefaultBuild\RX621_MCR_Camera.abs
-list=DefaultBuild\RX621_MCR_Camera.map
-nooptimize
-start=B_1,R_1,B_2,R_2,B,R,SU,SI/04,PResetPRG/0FFF80000,C_1,C_2,C,C$DSEC,C$BSEC,C$INIT,C$VTBL,C$VECT,D_1,D_2,D,P,PIntPRG,W_1,W_2,W,L/0FFF80100,FIXEDVECT/0FFFFFFD0
-rom=D=R,D_1=R_1,D_2=R_2
-nologo
-end

*** Error information ***

*** Mapping List ***

SECTION                            START      END         SIZE   ALIGN
B_1
                                  00000004  00000004         0   1
R_1
                                  00000004  00000004         0   1
B_2
                                  00000004  00000004         0   1
R_2
                                  00000004  00000004         0   1
B
                                  00000004  0000083f       83c   4
R
                                  00000840  00000877        38   4
SU
                                  00000878  00000977       100   4
SI
                                  00000978  00000c77       300   4
PResetPRG
                                  fff80000  fff80030        31   1
C_1
                                  fff80100  fff80100         0   1
C_2
                                  fff80100  fff80100         0   1
C
                                  fff80100  fff80133        34   4
C$DSEC
                                  fff80134  fff80157        24   4
C$BSEC
                                  fff80158  fff8016f        18   4
C$INIT
                                  fff80170  fff80170         0   1
C$VTBL
                                  fff80170  fff80170         0   1
C$VECT
                                  fff80170  fff8056f       400   4
D_1
                                  fff80570  fff80570         0   1
D_2
                                  fff80570  fff80570         0   1
D
                                  fff80570  fff805a7        38   4
P
                                  fff805a8  fff813d5       e2e   1
PIntPRG
                                  fff813d6  fff8151d       148   1
W_1
                                  fff8151e  fff8151e         0   1
W_2
                                  fff8151e  fff8151e         0   1
W
                                  fff8151e  fff8151e         0   1
L
                                  fff8151e  fff8151e         0   1
$ADDR_C_FFFFFFA0
                                  ffffffa0  ffffffaf        10   1
FIXEDVECT
                                  ffffffd0  ffffffff        30   4
